// Jest Snapshot v1, https://goo.gl/fbAQLP

exports[`App renders correctly 1`] = `null`;

exports[`App renders without error 1`] = `null`;
