// Jest Snapshot v1, https://goo.gl/fbAQLP

exports[`MainApp renders without error 1`] = `null`;
