// Jest Snapshot v1, https://goo.gl/fbAQLP

exports[`AccountSettingView renders without error 1`] = `null`;
